Archive member included to satisfy reference by file (symbol)

D:/STM32CubeIDE_1.18.0/STM32CubeIDE/plugins/com.st.stm32cube.ide.mcu.externaltools.gnu-tools-for-stm32.13.3.rel1.win32_1.0.0.202411081344/tools/bin/../lib/gcc/arm-none-eabi/13.3.1/../../../../arm-none-eabi/lib/thumb/v7-m/nofp\libc_nano.a(libc_a-exit.o)
                              D:/STM32CubeIDE_1.18.0/STM32CubeIDE/plugins/com.st.stm32cube.ide.mcu.externaltools.gnu-tools-for-stm32.13.3.rel1.win32_1.0.0.202411081344/tools/bin/../lib/gcc/arm-none-eabi/13.3.1/../../../../arm-none-eabi/lib/thumb/v7-m/nofp/crt0.o (exit)
D:/STM32CubeIDE_1.18.0/STM32CubeIDE/plugins/com.st.stm32cube.ide.mcu.externaltools.gnu-tools-for-stm32.13.3.rel1.win32_1.0.0.202411081344/tools/bin/../lib/gcc/arm-none-eabi/13.3.1/../../../../arm-none-eabi/lib/thumb/v7-m/nofp\libc_nano.a(libc_a-ctype_.o)
                              ./Core/Src/main.o (_ctype_)
D:/STM32CubeIDE_1.18.0/STM32CubeIDE/plugins/com.st.stm32cube.ide.mcu.externaltools.gnu-tools-for-stm32.13.3.rel1.win32_1.0.0.202411081344/tools/bin/../lib/gcc/arm-none-eabi/13.3.1/../../../../arm-none-eabi/lib/thumb/v7-m/nofp\libc_nano.a(libc_a-findfp.o)
                              D:/STM32CubeIDE_1.18.0/STM32CubeIDE/plugins/com.st.stm32cube.ide.mcu.externaltools.gnu-tools-for-stm32.13.3.rel1.win32_1.0.0.202411081344/tools/bin/../lib/gcc/arm-none-eabi/13.3.1/../../../../arm-none-eabi/lib/thumb/v7-m/nofp\libc_nano.a(libc_a-exit.o) (__stdio_exit_handler)
D:/STM32CubeIDE_1.18.0/STM32CubeIDE/plugins/com.st.stm32cube.ide.mcu.externaltools.gnu-tools-for-stm32.13.3.rel1.win32_1.0.0.202411081344/tools/bin/../lib/gcc/arm-none-eabi/13.3.1/../../../../arm-none-eabi/lib/thumb/v7-m/nofp\libc_nano.a(libc_a-fwalk.o)
                              D:/STM32CubeIDE_1.18.0/STM32CubeIDE/plugins/com.st.stm32cube.ide.mcu.externaltools.gnu-tools-for-stm32.13.3.rel1.win32_1.0.0.202411081344/tools/bin/../lib/gcc/arm-none-eabi/13.3.1/../../../../arm-none-eabi/lib/thumb/v7-m/nofp\libc_nano.a(libc_a-findfp.o) (_fwalk_sglue)
D:/STM32CubeIDE_1.18.0/STM32CubeIDE/plugins/com.st.stm32cube.ide.mcu.externaltools.gnu-tools-for-stm32.13.3.rel1.win32_1.0.0.202411081344/tools/bin/../lib/gcc/arm-none-eabi/13.3.1/../../../../arm-none-eabi/lib/thumb/v7-m/nofp\libc_nano.a(libc_a-stdio.o)
                              D:/STM32CubeIDE_1.18.0/STM32CubeIDE/plugins/com.st.stm32cube.ide.mcu.externaltools.gnu-tools-for-stm32.13.3.rel1.win32_1.0.0.202411081344/tools/bin/../lib/gcc/arm-none-eabi/13.3.1/../../../../arm-none-eabi/lib/thumb/v7-m/nofp\libc_nano.a(libc_a-findfp.o) (__sread)
D:/STM32CubeIDE_1.18.0/STM32CubeIDE/plugins/com.st.stm32cube.ide.mcu.externaltools.gnu-tools-for-stm32.13.3.rel1.win32_1.0.0.202411081344/tools/bin/../lib/gcc/arm-none-eabi/13.3.1/../../../../arm-none-eabi/lib/thumb/v7-m/nofp\libc_nano.a(libc_a-memset.o)
                              D:/STM32CubeIDE_1.18.0/STM32CubeIDE/plugins/com.st.stm32cube.ide.mcu.externaltools.gnu-tools-for-stm32.13.3.rel1.win32_1.0.0.202411081344/tools/bin/../lib/gcc/arm-none-eabi/13.3.1/../../../../arm-none-eabi/lib/thumb/v7-m/nofp/crt0.o (memset)
D:/STM32CubeIDE_1.18.0/STM32CubeIDE/plugins/com.st.stm32cube.ide.mcu.externaltools.gnu-tools-for-stm32.13.3.rel1.win32_1.0.0.202411081344/tools/bin/../lib/gcc/arm-none-eabi/13.3.1/../../../../arm-none-eabi/lib/thumb/v7-m/nofp\libc_nano.a(libc_a-closer.o)
                              D:/STM32CubeIDE_1.18.0/STM32CubeIDE/plugins/com.st.stm32cube.ide.mcu.externaltools.gnu-tools-for-stm32.13.3.rel1.win32_1.0.0.202411081344/tools/bin/../lib/gcc/arm-none-eabi/13.3.1/../../../../arm-none-eabi/lib/thumb/v7-m/nofp\libc_nano.a(libc_a-stdio.o) (_close_r)
D:/STM32CubeIDE_1.18.0/STM32CubeIDE/plugins/com.st.stm32cube.ide.mcu.externaltools.gnu-tools-for-stm32.13.3.rel1.win32_1.0.0.202411081344/tools/bin/../lib/gcc/arm-none-eabi/13.3.1/../../../../arm-none-eabi/lib/thumb/v7-m/nofp\libc_nano.a(libc_a-reent.o)
                              D:/STM32CubeIDE_1.18.0/STM32CubeIDE/plugins/com.st.stm32cube.ide.mcu.externaltools.gnu-tools-for-stm32.13.3.rel1.win32_1.0.0.202411081344/tools/bin/../lib/gcc/arm-none-eabi/13.3.1/../../../../arm-none-eabi/lib/thumb/v7-m/nofp\libc_nano.a(libc_a-closer.o) (errno)
D:/STM32CubeIDE_1.18.0/STM32CubeIDE/plugins/com.st.stm32cube.ide.mcu.externaltools.gnu-tools-for-stm32.13.3.rel1.win32_1.0.0.202411081344/tools/bin/../lib/gcc/arm-none-eabi/13.3.1/../../../../arm-none-eabi/lib/thumb/v7-m/nofp\libc_nano.a(libc_a-impure.o)
                              D:/STM32CubeIDE_1.18.0/STM32CubeIDE/plugins/com.st.stm32cube.ide.mcu.externaltools.gnu-tools-for-stm32.13.3.rel1.win32_1.0.0.202411081344/tools/bin/../lib/gcc/arm-none-eabi/13.3.1/../../../../arm-none-eabi/lib/thumb/v7-m/nofp\libc_nano.a(libc_a-reent.o) (_impure_ptr)
D:/STM32CubeIDE_1.18.0/STM32CubeIDE/plugins/com.st.stm32cube.ide.mcu.externaltools.gnu-tools-for-stm32.13.3.rel1.win32_1.0.0.202411081344/tools/bin/../lib/gcc/arm-none-eabi/13.3.1/../../../../arm-none-eabi/lib/thumb/v7-m/nofp\libc_nano.a(libc_a-lseekr.o)
[...]
Memory Configuration

Name             Origin             Length             Attributes
RAM              0x20000000         0x00005000         xrw
FLASH            0x08000000         0x00010000         xr
*default*        0x00000000         0xffffffff

Linker script and memory map

LOAD D:/STM32CubeIDE_1.18.0/STM32CubeIDE/plugins/com.st.stm32cube.ide.mcu.externaltools.gnu-tools-for-stm32.13.3.rel1.win32_1.0.0.202411081344/tools/bin/../lib/gcc/arm-none-eabi/13.3.1/thumb/v7-m/nofp/crti.o
LOAD D:/STM32CubeIDE_1.18.0/STM32CubeIDE/plugins/com.st.stm32cube.ide.mcu.externaltools.gnu-tools-for-stm32.13.3.rel1.win32_1.0.0.202411081344/tools/bin/../lib/gcc/arm-none-eabi/13.3.1/thumb/v7-m/nofp/crtbegin.o
LOAD D:/STM32CubeIDE_1.18.0/STM32CubeIDE/plugins/com.st.stm32cube.ide.mcu.externaltools.gnu-tools-for-stm32.13.3.rel1.win32_1.0.0.202411081344/tools/bin/../lib/gcc/arm-none-eabi/13.3.1/../../../../arm-none-eabi/lib/thumb/v7-m/nofp/crt0.o
LOAD ./Core/Src/main.o
LOAD ./Core/Src/stm32f1xx_hal_msp.o
LOAD ./Core/Src/stm32f1xx_it.o
LOAD ./Core/Src/syscalls.o
LOAD ./Core/Src/sysmem.o
LOAD ./Core/Src/system_stm32f1xx.o
LOAD ./Core/Startup/startup_stm32f103c8tx.o
LOAD ./Drivers/STM32F1xx_HAL_Driver/Src/stm32f1xx_hal.o
LOAD ./Drivers/STM32F1xx_HAL_Driver/Src/stm32f1xx_hal_cortex.o
LOAD ./Drivers/STM32F1xx_HAL_Driver/Src/stm32f1xx_hal_dma.o
LOAD ./Drivers/STM32F1xx_HAL_Driver/Src/stm32f1xx_hal_exti.o
LOAD ./Drivers/STM32F1xx_HAL_Driver/Src/stm32f1xx_hal_flash.o
LOAD ./Drivers/STM32F1xx_HAL_Driver/Src/stm32f1xx_hal_flash_ex.o
LOAD ./Drivers/STM32F1xx_HAL_Driver/Src/stm32f1xx_hal_gpio.o
LOAD ./Drivers/STM32F1xx_HAL_Driver/Src/stm32f1xx_hal_gpio_ex.o
LOAD ./Drivers/STM32F1xx_HAL_Driver/Src/stm32f1xx_hal_pcd.o
LOAD ./Drivers/STM32F1xx_HAL_Driver/Src/stm32f1xx_hal_pcd_ex.o
LOAD ./Drivers/STM32F1xx_HAL_Driver/Src/stm32f1xx_hal_pwr.o
LOAD ./Drivers/STM32F1xx_HAL_Driver/Src/stm32f1xx_hal_rcc.o
LOAD ./Drivers/STM32F1xx_HAL_Driver/Src/stm32f1xx_hal_rcc_ex.o
LOAD ./Drivers/STM32F1xx_HAL_Driver/Src/stm32f1xx_ll_usb.o
LOAD ./Middlewares/ST/STM32_USB_Device_Library/Class/CustomHID/Src/usbd_customhid.o
LOAD ./Middlewares/ST/STM32_USB_Device_Library/Core/Src/usbd_core.o
LOAD ./Middlewares/ST/STM32_USB_Device_Library/Core/Src/usbd_ctlreq.o
LOAD ./Middlewares/ST/STM32_USB_Device_Library/Core/Src/usbd_ioreq.o
LOAD ./USB_DEVICE/App/usb_device.o
LOAD ./USB_DEVICE/App/usbd_custom_hid_if.o
LOAD ./USB_DEVICE/App/usbd_desc.o
LOAD ./USB_DEVICE/Target/usbd_conf.o
START GROUP
LOAD D:/STM32CubeIDE_1.18.0/STM32CubeIDE/plugins/com.st.stm32cube.ide.mcu.externaltools.gnu-tools-for-stm32.13.3.rel1.win32_1.0.0.202411081344/tools/bin/../lib/gcc/arm-none-eabi/13.3.1/../../../../arm-none-eabi/lib/thumb/v7-m/nofp\libc_nano.a
LOAD D:/STM32CubeIDE_1.18.0/STM32CubeIDE/plugins/com.st.stm32cube.ide.mcu.externaltools.gnu-tools-for-stm32.13.3.rel1.win32_1.0.0.202411081344/tools/bin/../lib/gcc/arm-none-eabi/13.3.1/../../../../arm-none-eabi/lib/thumb/v7-m/nofp\libm.a
END GROUP
START GROUP
LOAD D:/STM32CubeIDE_1.18.0/STM32CubeIDE/plugins/com.st.stm32cube.ide.mcu.externaltools.gnu-tools-for-stm32.13.3.rel1.win32_1.0.0.202411081344/tools/bin/../lib/gcc/arm-none-eabi/13.3.1/thumb/v7-m/nofp\libgcc.a
LOAD D:/STM32CubeIDE_1.18.0/STM32CubeIDE/plugins/com.st.stm32cube.ide.mcu.externaltools.gnu-tools-for-stm32.13.3.rel1.win32_1.0.0.202411081344/tools/bin/../lib/gcc/arm-none-eabi/13.3.1/../../../../arm-none-eabi/lib/thumb/v7-m/nofp\libc_nano.a
END GROUP
START GROUP
LOAD D:/STM32CubeIDE_1.18.0/STM32CubeIDE/plugins/com.st.stm32cube.ide.mcu.externaltools.gnu-tools-for-stm32.13.3.rel1.win32_1.0.0.202411081344/tools/bin/../lib/gcc/arm-none-eabi/13.3.1/thumb/v7-m/nofp\libgcc.a
LOAD D:/STM32CubeIDE_1.18.0/STM32CubeIDE/plugins/com.st.stm32cube.ide.mcu.externaltools.gnu-tools-for-stm32.13.3.rel1.win32_1.0.0.202411081344/tools/bin/../lib/gcc/arm-none-eabi/13.3.1/../../../../arm-none-eabi/lib/thumb/v7-m/nofp\libc_nano.a
LOAD D:/STM32CubeIDE_1.18.0/STM32CubeIDE/plugins/com.st.stm32cube.ide.mcu.externaltools.gnu-tools-for-stm32.13.3.rel1.win32_1.0.0.202411081344/tools/bin/../lib/gcc/arm-none-eabi/13.3.1/../../../../arm-none-eabi/lib/thumb/v7-m/nofp\libnosys.a
END GROUP
START GROUP
LOAD D:/STM32CubeIDE_1.18.0/STM32CubeIDE/plugins/com.st.stm32cube.ide.mcu.externaltools.gnu-tools-for-stm32.13.3.rel1.win32_1.0.0.202411081344/tools/bin/../lib/gcc/arm-none-eabi/13.3.1/thumb/v7-m/nofp\libgcc.a
LOAD D:/STM32CubeIDE_1.18.0/STM32CubeIDE/plugins/com.st.stm32cube.ide.mcu.externaltools.gnu-tools-for-stm32.13.3.rel1.win32_1.0.0.202411081344/tools/bin/../lib/gcc/arm-none-eabi/13.3.1/../../../../arm-none-eabi/lib/thumb/v7-m/nofp\libc_nano.a
LOAD D:/STM32CubeIDE_1.18.0/STM32CubeIDE/plugins/com.st.stm32cube.ide.mcu.externaltools.gnu-tools-for-stm32.13.3.rel1.win32_1.0.0.202411081344/tools/bin/../lib/gcc/arm-none-eabi/13.3.1/../../../../arm-none-eabi/lib/thumb/v7-m/nofp\libnosys.a
END GROUP
LOAD D:/STM32CubeIDE_1.18.0/STM32CubeIDE/plugins/com.st.stm32cube.ide.mcu.externaltools.gnu-tools-for-stm32.13.3.rel1.win32_1.0.0.202411081344/tools/bin/../lib/gcc/arm-none-eabi/13.3.1/thumb/v7-m/nofp/crtend.o
LOAD D:/STM32CubeIDE_1.18.0/STM32CubeIDE/plugins/com.st.stm32cube.ide.mcu.externaltools.gnu-tools-for-stm32.13.3.rel1.win32_1.0.0.202411081344/tools/bin/../lib/gcc/arm-none-eabi/13.3.1/thumb/v7-m/nofp/crtn.o
                0x20005000                        _estack = (ORIGIN (RAM) + LENGTH (RAM))
                0x00000200                        _Min_Heap_Size = 0x200
                0x00000400                        _Min_Stack_Size = 0x400

.isr_vector     0x08000000      0x10c
                0x08000000                        . = ALIGN (0x4)
 *(.isr_vector)
 .isr_vector    0x08000000      0x10c ./Core/Startup/startup_stm32f103c8tx.o
                0x08000000                g_pfnVectors
                0x0800010c                        . = ALIGN (0x4)

.text           0x0800010c     0x763c
                0x0800010c                        . = ALIGN (0x4)
 *(.text)
 .text          0x0800010c       0x40 D:/STM32CubeIDE_1.18.0/STM32CubeIDE/plugins/com.st.stm32cube.ide.mcu.externaltools.gnu-tools-for-stm32.13.3.rel1.win32_1.0.0.202411081344/tools/bin/../lib/gcc/arm-none-eabi/13.3.1/thumb/v7-m/nofp/crtbegin.o
 *(.text*)
 .text.main     0x0800014c       0x84 ./Core/Src/main.o
                0x0800014c                main
 .text.SystemClock_Config
                0x080001d0       0xb4 ./Core/Src/main.o
                0x080001d0                SystemClock_Config
 .text.MX_GPIO_Init
                0x08000284       0x98 ./Core/Src/main.o
 .text.SendKey  0x0800031c       0x54 ./Core/Src/main.o
                0x0800031c                SendKey
 .text.SendCombo
                0x08000370       0x60 ./Core/Src/main.o
                0x08000370                SendCombo
 .text.send     0x080003d0      0x304 ./Core/Src/main.o
                0x080003d0                send
 .text.Error_Handler
                0x080006d4        0xc ./Core/Src/main.o
                0x080006d4                Error_Handler
 .text.HAL_MspInit
                0x080006e0       0x74 ./Core/Src/stm32f1xx_hal_msp.o
                0x080006e0                HAL_MspInit
 .text.NMI_Handler
                0x08000754        0x8 ./Core/Src/stm32f1xx_it.o
                0x08000754                NMI_Handler
 .text.HardFault_Handler
                0x0800075c        0x8 ./Core/Src/stm32f1xx_it.o
                0x0800075c                HardFault_Handler
 .text.MemManage_Handler
                0x08000764        0x8 ./Core/Src/stm32f1xx_it.o
                0x08000764                MemManage_Handler
 .text.BusFault_Handler
                0x0800076c        0x8 ./Core/Src/stm32f1xx_it.o
                0x0800076c                BusFault_Handler
 .text.UsageFault_Handler
                0x08000774        0x8 ./Core/Src/stm32f1xx_it.o
                0x08000774                UsageFault_Handler
 .text.SVC_Handler
                0x0800077c        0xc ./Core/Src/stm32f1xx_it.o
                0x0800077c                SVC_Handler
 .text.DebugMon_Handler
                0x08000788        0xc ./Core/Src/stm32f1xx_it.o
                0x08000788                DebugMon_Handler
 .text.PendSV_Handler
                0x08000794        0xc ./Core/Src/stm32f1xx_it.o
                0x08000794                PendSV_Handler
 .text.SysTick_Handler
                0x080007a0        0xc ./Core/Src/stm32f1xx_it.o
                0x080007a0                SysTick_Handler
 .text.RCC_IRQHandler
                0x080007ac        0xc ./Core/Src/stm32f1xx_it.o
                0x080007ac                RCC_IRQHandler
 .text.USB_LP_CAN1_RX0_IRQHandler
                0x080007b8       0x14 ./Core/Src/stm32f1xx_it.o
                0x080007b8                USB_LP_CAN1_RX0_IRQHandler
 .text.SystemInit
                0x080007cc        0xc ./Core/Src/system_stm32f1xx.o
                0x080007cc                SystemInit
 .text.Reset_Handler
                0x080007d8       0x48 ./Core/Startup/startup_stm32f103c8tx.o
                0x080007d8                Reset_Handler
 .text.Default_Handler
                0x08000820        0x2 ./Core/Startup/startup_stm32f103c8tx.o
                0x08000820                RTC_Alarm_IRQHandler
                0x08000820                EXTI2_IRQHandler
                0x08000820                TIM1_CC_IRQHandler
                0x08000820                PVD_IRQHandler
                0x08000820                EXTI3_IRQHandler
                0x08000820                EXTI0_IRQHandler
                0x08000820                I2C2_EV_IRQHandler
                0x08000820                ADC1_2_IRQHandler
                0x08000820                SPI1_IRQHandler
                0x08000820                TAMPER_IRQHandler
                0x08000820                DMA1_Channel4_IRQHandler
                0x08000820                USART3_IRQHandler
                0x08000820                RTC_IRQHandler
                0x08000820                DMA1_Channel7_IRQHandler
                0x08000820                CAN1_RX1_IRQHandler
                0x08000820                TIM4_IRQHandler
                0x08000820                I2C1_EV_IRQHandler
                0x08000820                DMA1_Channel6_IRQHandler
                0x08000820                TIM3_IRQHandler
                0x08000820                TIM1_TRG_COM_IRQHandler
                0x08000820                DMA1_Channel1_IRQHandler
                0x08000820                Default_Handler
                0x08000820                EXTI15_10_IRQHandler
                0x08000820                EXTI9_5_IRQHandler
                0x08000820                SPI2_IRQHandler
                0x08000820                DMA1_Channel5_IRQHandler
                0x08000820                EXTI4_IRQHandler
                0x08000820                USB_HP_CAN1_TX_IRQHandler
                0x08000820                DMA1_Channel3_IRQHandler
                0x08000820                TIM1_UP_IRQHandler
                0x08000820                WWDG_IRQHandler
                0x08000820                TIM2_IRQHandler
                0x08000820                TIM1_BRK_IRQHandler
                0x08000820                EXTI1_IRQHandler
                0x08000820                USART2_IRQHandler
                0x08000820                I2C2_ER_IRQHandler
                0x08000820                DMA1_Channel2_IRQHandler
                0x08000820                CAN1_SCE_IRQHandler
                0x08000820                FLASH_IRQHandler
                0x08000820                USART1_IRQHandler
                0x08000820                I2C1_ER_IRQHandler
                0x08000820                USBWakeUp_IRQHandler
 *fill*         0x08000822        0x2 
 .text.HAL_Init
                0x08000824       0x2c ./Drivers/STM32F1xx_HAL_Driver/Src/stm32f1xx_hal.o
                0x08000824                HAL_Init
 .text.HAL_InitTick
                0x08000850       0x60 ./Drivers/STM32F1xx_HAL_Driver/Src/stm32f1xx_hal.o
                0x08000850                HAL_InitTick
 .text.HAL_IncTick
                0x080008b0       0x24 ./Drivers/STM32F1xx_HAL_Driver/Src/stm32f1xx_hal.o
                0x080008b0                HAL_IncTick
 .text.HAL_GetTick
                0x080008d4       0x14 ./Drivers/STM32F1xx_HAL_Driver/Src/stm32f1xx_hal.o
                0x080008d4                HAL_GetTick
 .text.HAL_Delay
                0x080008e8       0x48 ./Drivers/STM32F1xx_HAL_Driver/Src/stm32f1xx_hal.o
                0x080008e8                HAL_Delay
 .text.__NVIC_SetPriorityGrouping
                0x08000930       0x48 ./Drivers/STM32F1xx_HAL_Driver/Src/stm32f1xx_hal_cortex.o
 .text.__NVIC_GetPriorityGrouping
                0x08000978       0x1c ./Drivers/STM32F1xx_HAL_Driver/Src/stm32f1xx_hal_cortex.o
 .text.__NVIC_EnableIRQ
                0x08000994       0x38 ./Drivers/STM32F1xx_HAL_Driver/Src/stm32f1xx_hal_cortex.o
 .text.__NVIC_SetPriority
                0x080009cc       0x54 ./Drivers/STM32F1xx_HAL_Driver/Src/stm32f1xx_hal_cortex.o
 .text.NVIC_EncodePriority
                0x08000a20       0x64 ./Drivers/STM32F1xx_HAL_Driver/Src/stm32f1xx_hal_cortex.o
 .text.SysTick_Config
                0x08000a84       0x44 ./Drivers/STM32F1xx_HAL_Driver/Src/stm32f1xx_hal_cortex.o
 .text.HAL_NVIC_SetPriorityGrouping
                0x08000ac8       0x16 ./Drivers/STM32F1xx_HAL_Driver/Src/stm32f1xx_hal_cortex.o
                0x08000ac8                HAL_NVIC_SetPriorityGrouping
 .text.HAL_NVIC_SetPriority
                0x08000ade       0x38 ./Drivers/STM32F1xx_HAL_Driver/Src/stm32f1xx_hal_cortex.o
                0x08000ade                HAL_NVIC_SetPriority
 .text.HAL_NVIC_EnableIRQ
                0x08000b16       0x1c ./Drivers/STM32F1xx_HAL_Driver/Src/stm32f1xx_hal_cortex.o
                0x08000b16                HAL_NVIC_EnableIRQ
 .text.HAL_SYSTICK_Config
                0x08000b32       0x18 ./Drivers/STM32F1xx_HAL_Driver/Src/stm32f1xx_hal_cortex.o
                0x08000b32                HAL_SYSTICK_Config
 *fill*         0x08000b4a        0x2 
 .text.HAL_GPIO_Init
                0x08000b4c      0x308 ./Drivers/STM32F1xx_HAL_Driver/Src/stm32f1xx_hal_gpio.o
                0x08000b4c                HAL_GPIO_Init
 .text.HAL_GPIO_WritePin
                0x08000e54       0x30 ./Drivers/STM32F1xx_HAL_Driver/Src/stm32f1xx_hal_gpio.o
                0x08000e54                HAL_GPIO_WritePin
 .text.HAL_PCD_Init
                0x08000e84      0x1ec ./Drivers/STM32F1xx_HAL_Driver/Src/stm32f1xx_hal_pcd.o
                0x08000e84                HAL_PCD_Init
 .text.HAL_PCD_Start
                0x08001070       0x4c ./Drivers/STM32F1xx_HAL_Driver/Src/stm32f1xx_hal_pcd.o
                0x08001070                HAL_PCD_Start
 .text.HAL_PCD_IRQHandler
                0x080010bc      0x260 ./Drivers/STM32F1xx_HAL_Driver/Src/stm32f1xx_hal_pcd.o
                0x080010bc                HAL_PCD_IRQHandler
 .text.HAL_PCD_SetAddress
                0x0800131c       0x48 ./Drivers/STM32F1xx_HAL_Driver/Src/stm32f1xx_hal_pcd.o
                0x0800131c                HAL_PCD_SetAddress
 .text.HAL_PCD_EP_Open
                0x08001364       0xba ./Drivers/STM32F1xx_HAL_Driver/Src/stm32f1xx_hal_pcd.o
                0x08001364                HAL_PCD_EP_Open
 .text.HAL_PCD_EP_Close
                0x0800141e       0x90 ./Drivers/STM32F1xx_HAL_Driver/Src/stm32f1xx_hal_pcd.o
                0x0800141e                HAL_PCD_EP_Close
 .text.HAL_PCD_EP_Receive
                0x080014ae       0x62 ./Drivers/STM32F1xx_HAL_Driver/Src/stm32f1xx_hal_pcd.o
                0x080014ae                HAL_PCD_EP_Receive
 .text.HAL_PCD_EP_Transmit
                0x08001510       0x6e ./Drivers/STM32F1xx_HAL_Driver/Src/stm32f1xx_hal_pcd.o
                0x08001510                HAL_PCD_EP_Transmit
 .text.HAL_PCD_EP_SetStall
                0x0800157e       0xc0 ./Drivers/STM32F1xx_HAL_Driver/Src/stm32f1xx_hal_pcd.o
                0x0800157e                HAL_PCD_EP_SetStall
 .text.HAL_PCD_EP_ClrStall
                0x0800163e       0xa8 ./Drivers/STM32F1xx_HAL_Driver/Src/stm32f1xx_hal_pcd.o
                0x0800163e                HAL_PCD_EP_ClrStall
 .text.PCD_EP_ISR_Handler
                0x080016e6      0x79e ./Drivers/STM32F1xx_HAL_Driver/Src/stm32f1xx_hal_pcd.o
 .text.HAL_PCD_EP_DB_Receive
                0x08001e84      0x21a ./Drivers/STM32F1xx_HAL_Driver/Src/stm32f1xx_hal_pcd.o
 .text.HAL_PCD_EP_DB_Transmit
                0x0800209e      0x7f4 ./Drivers/STM32F1xx_HAL_Driver/Src/stm32f1xx_hal_pcd.o
 .text.HAL_PCDEx_PMAConfig
                0x08002892       0x84 ./Drivers/STM32F1xx_HAL_Driver/Src/stm32f1xx_hal_pcd_ex.o
                0x08002892                HAL_PCDEx_PMAConfig
 *fill*         0x08002916        0x2 
 .text.HAL_RCC_OscConfig
                0x08002918      0x504 ./Drivers/STM32F1xx_HAL_Driver/Src/stm32f1xx_hal_rcc.o
                0x08002918                HAL_RCC_OscConfig
 .text.HAL_RCC_ClockConfig
                0x08002e1c      0x1d4 ./Drivers/STM32F1xx_HAL_Driver/Src/stm32f1xx_hal_rcc.o
                0x08002e1c                HAL_RCC_ClockConfig
 .text.HAL_RCC_GetSysClockFreq
                0x08002ff0       0xa8 ./Drivers/STM32F1xx_HAL_Driver/Src/stm32f1xx_hal_rcc.o
                0x08002ff0                HAL_RCC_GetSysClockFreq
 .text.RCC_Delay
                0x08003098       0x3c ./Drivers/STM32F1xx_HAL_Driver/Src/stm32f1xx_hal_rcc.o
 .text.HAL_RCCEx_PeriphCLKConfig
                0x080030d4      0x16c ./Drivers/STM32F1xx_HAL_Driver/Src/stm32f1xx_hal_rcc_ex.o
                0x080030d4                HAL_RCCEx_PeriphCLKConfig
 .text.USB_CoreInit
                0x08003240       0x1a ./Drivers/STM32F1xx_HAL_Driver/Src/stm32f1xx_ll_usb.o
                0x08003240                USB_CoreInit
 .text.USB_EnableGlobalInt
                0x0800325a       0x2c ./Drivers/STM32F1xx_HAL_Driver/Src/stm32f1xx_ll_usb.o
                0x0800325a                USB_EnableGlobalInt
 .text.USB_DisableGlobalInt
                0x08003286       0x34 ./Drivers/STM32F1xx_HAL_Driver/Src/stm32f1xx_ll_usb.o
                0x08003286                USB_DisableGlobalInt
 .text.USB_SetCurrentMode
                0x080032ba       0x18 ./Drivers/STM32F1xx_HAL_Driver/Src/stm32f1xx_ll_usb.o
                0x080032ba                USB_SetCurrentMode
 .text.USB_DevInit
                0x080032d2       0x3a ./Drivers/STM32F1xx_HAL_Driver/Src/stm32f1xx_ll_usb.o
                0x080032d2                USB_DevInit
 .text.USB_ActivateEndpoint
                0x0800330c      0x780 ./Drivers/STM32F1xx_HAL_Driver/Src/stm32f1xx_ll_usb.o
                0x0800330c                USB_ActivateEndpoint
 .text.USB_DeactivateEndpoint
                0x08003a8c      0x3d8 ./Drivers/STM32F1xx_HAL_Driver/Src/stm32f1xx_ll_usb.o
                0x08003a8c                USB_DeactivateEndpoint
 .text.USB_EPStartXfer
                0x08003e64     0x1762 ./Drivers/STM32F1xx_HAL_Driver/Src/stm32f1xx_ll_usb.o
                0x08003e64                USB_EPStartXfer
 .text.USB_EPSetStall
                0x080055c6       0xa0 ./Drivers/STM32F1xx_HAL_Driver/Src/stm32f1xx_ll_usb.o
                0x080055c6                USB_EPSetStall
 .text.USB_EPClearStall
                0x08005666      0x15a ./Drivers/STM32F1xx_HAL_Driver/Src/stm32f1xx_ll_usb.o
                0x08005666                USB_EPClearStall
 .text.USB_SetDevAddress
                0x080057c0       0x26 ./Drivers/STM32F1xx_HAL_Driver/Src/stm32f1xx_ll_usb.o
                0x080057c0                USB_SetDevAddress
 .text.USB_DevConnect
                0x080057e6       0x14 ./Drivers/STM32F1xx_HAL_Driver/Src/stm32f1xx_ll_usb.o
                0x080057e6                USB_DevConnect
 .text.USB_DevDisconnect
                0x080057fa       0x14 ./Drivers/STM32F1xx_HAL_Driver/Src/stm32f1xx_ll_usb.o
                0x080057fa                USB_DevDisconnect
 .text.USB_ReadInterrupts
                0x0800580e       0x1e ./Drivers/STM32F1xx_HAL_Driver/Src/stm32f1xx_ll_usb.o
                0x0800580e                USB_ReadInterrupts
 .text.USB_EP0_OutStart
                0x0800582c       0x16 ./Drivers/STM32F1xx_HAL_Driver/Src/stm32f1xx_ll_usb.o
                0x0800582c                USB_EP0_OutStart
 .text.USB_WritePMA
                0x08005842       0x8c ./Drivers/STM32F1xx_HAL_Driver/Src/stm32f1xx_ll_usb.o
                0x08005842                USB_WritePMA
 .text.USB_ReadPMA
                0x080058ce       0x9e ./Drivers/STM32F1xx_HAL_Driver/Src/stm32f1xx_ll_usb.o
                0x080058ce                USB_ReadPMA
 .text.USBD_CUSTOM_HID_Init
                0x0800596c       0x82 ./Middlewares/ST/STM32_USB_Device_Library/Class/CustomHID/Src/usbd_customhid.o
 .text.USBD_CUSTOM_HID_DeInit
                0x080059ee       0x5c ./Middlewares/ST/STM32_USB_Device_Library/Class/CustomHID/Src/usbd_customhid.o
 *fill*         0x08005a4a        0x2 
 .text.USBD_CUSTOM_HID_Setup
                0x08005a4c      0x200 ./Middlewares/ST/STM32_USB_Device_Library/Class/CustomHID/Src/usbd_customhid.o
 .text.USBD_CUSTOM_HID_SendReport
                0x08005c4c       0x4a ./Middlewares/ST/STM32_USB_Device_Library/Class/CustomHID/Src/usbd_customhid.o
                0x08005c4c                USBD_CUSTOM_HID_SendReport
 *fill*         0x08005c96        0x2 
 .text.USBD_CUSTOM_HID_GetFSCfgDesc
                0x08005c98       0x20 ./Middlewares/ST/STM32_USB_Device_Library/Class/CustomHID/Src/usbd_customhid.o
 .text.USBD_CUSTOM_HID_GetHSCfgDesc
                0x08005cb8       0x20 ./Middlewares/ST/STM32_USB_Device_Library/Class/CustomHID/Src/usbd_customhid.o
 .text.USBD_CUSTOM_HID_GetOtherSpeedCfgDesc
                0x08005cd8       0x20 ./Middlewares/ST/STM32_USB_Device_Library/Class/CustomHID/Src/usbd_customhid.o
 .text.USBD_CUSTOM_HID_DataIn
                0x08005cf8       0x22 ./Middlewares/ST/STM32_USB_Device_Library/Class/CustomHID/Src/usbd_customhid.o
 .text.USBD_CUSTOM_HID_DataOut
                0x08005d1a       0x3e ./Middlewares/ST/STM32_USB_Device_Library/Class/CustomHID/Src/usbd_customhid.o
 .text.USBD_CUSTOM_HID_EP0_RxReady
                0x08005d58       0x3c ./Middlewares/ST/STM32_USB_Device_Library/Class/CustomHID/Src/usbd_customhid.o
 .text.USBD_CUSTOM_HID_GetDeviceQualifierDesc
                0x08005d94       0x20 ./Middlewares/ST/STM32_USB_Device_Library/Class/CustomHID/Src/usbd_customhid.o
 .text.USBD_CUSTOM_HID_RegisterInterface
                0x08005db4       0x2c ./Middlewares/ST/STM32_USB_Device_Library/Class/CustomHID/Src/usbd_customhid.o
                0x08005db4                USBD_CUSTOM_HID_RegisterInterface
 .text.USBD_Init
                0x08005de0       0x56 ./Middlewares/ST/STM32_USB_Device_Library/Core/Src/usbd_core.o
                0x08005de0                USBD_Init
 .text.USBD_RegisterClass
                0x08005e36       0x32 ./Middlewares/ST/STM32_USB_Device_Library/Core/Src/usbd_core.o
                0x08005e36                USBD_RegisterClass
 .text.USBD_Start
                0x08005e68       0x18 ./Middlewares/ST/STM32_USB_Device_Library/Core/Src/usbd_core.o
                0x08005e68                USBD_Start
 .text.USBD_RunTestMode
                0x08005e80       0x14 ./Middlewares/ST/STM32_USB_Device_Library/Core/Src/usbd_core.o
                0x08005e80                USBD_RunTestMode
 .text.USBD_SetClassConfig
                0x08005e94       0x3e ./Middlewares/ST/STM32_USB_Device_Library/Core/Src/usbd_core.o
                0x08005e94                USBD_SetClassConfig
 .text.USBD_ClrClassConfig
                0x08005ed2       0x26 ./Middlewares/ST/STM32_USB_Device_Library/Core/Src/usbd_core.o
                0x08005ed2                USBD_ClrClassConfig
 .text.USBD_LL_SetupStage
                0x08005ef8       0x9a ./Middlewares/ST/STM32_USB_Device_Library/Core/Src/usbd_core.o
                0x08005ef8                USBD_LL_SetupStage
 .text.USBD_LL_DataOutStage
                0x08005f92       0xe2 ./Middlewares/ST/STM32_USB_Device_Library/Core/Src/usbd_core.o
                0x08005f92                USBD_LL_DataOutStage
 .text.USBD_LL_DataInStage
                0x08006074      0x14a ./Middlewares/ST/STM32_USB_Device_Library/Core/Src/usbd_core.o
                0x08006074                USBD_LL_DataInStage
 .text.USBD_LL_Reset
                0x080061be       0x82 ./Middlewares/ST/STM32_USB_Device_Library/Core/Src/usbd_core.o
                0x080061be                USBD_LL_Reset
 .text.USBD_LL_SetSpeed
                0x08006240       0x1e ./Middlewares/ST/STM32_USB_Device_Library/Core/Src/usbd_core.o
                0x08006240                USBD_LL_SetSpeed
 .text.USBD_LL_Suspend
                0x0800625e       0x28 ./Middlewares/ST/STM32_USB_Device_Library/Core/Src/usbd_core.o
                0x0800625e                USBD_LL_Suspend
 .text.USBD_LL_Resume
                0x08006286       0x2a ./Middlewares/ST/STM32_USB_Device_Library/Core/Src/usbd_core.o
                0x08006286                USBD_LL_Resume
 .text.USBD_LL_SOF
                0x080062b0       0x34 ./Middlewares/ST/STM32_USB_Device_Library/Core/Src/usbd_core.o
                0x080062b0                USBD_LL_SOF
 .text.USBD_StdDevReq
                0x080062e4       0xd4 ./Middlewares/ST/STM32_USB_Device_Library/Core/Src/usbd_ctlreq.o
                0x080062e4                USBD_StdDevReq
 .text.USBD_StdItfReq
                0x080063b8       0x90 ./Middlewares/ST/STM32_USB_Device_Library/Core/Src/usbd_ctlreq.o
                0x080063b8                USBD_StdItfReq
 .text.USBD_StdEPReq
                0x08006448      0x2c6 ./Middlewares/ST/STM32_USB_Device_Library/Core/Src/usbd_ctlreq.o
                0x08006448                USBD_StdEPReq
 *fill*         0x0800670e        0x2 
 .text.USBD_GetDescriptor
                0x08006710      0x2d0 ./Middlewares/ST/STM32_USB_Device_Library/Core/Src/usbd_ctlreq.o
 .text.USBD_SetAddress
                0x080069e0       0x86 ./Middlewares/ST/STM32_USB_Device_Library/Core/Src/usbd_ctlreq.o
 *fill*         0x08006a66        0x2 
 .text.USBD_SetConfig
                0x08006a68      0x11c ./Middlewares/ST/STM32_USB_Device_Library/Core/Src/usbd_ctlreq.o
 .text.USBD_GetConfig
                0x08006b84       0x6a ./Middlewares/ST/STM32_USB_Device_Library/Core/Src/usbd_ctlreq.o
 .text.USBD_GetStatus
                0x08006bee       0x66 ./Middlewares/ST/STM32_USB_Device_Library/Core/Src/usbd_ctlreq.o
 .text.USBD_SetFeature
                0x08006c54       0x28 ./Middlewares/ST/STM32_USB_Device_Library/Core/Src/usbd_ctlreq.o
 .text.USBD_ClrFeature
                0x08006c7c       0x42 ./Middlewares/ST/STM32_USB_Device_Library/Core/Src/usbd_ctlreq.o
 .text.USBD_ParseSetupRequest
                0x08006cbe       0x72 ./Middlewares/ST/STM32_USB_Device_Library/Core/Src/usbd_ctlreq.o
                0x08006cbe                USBD_ParseSetupRequest
 .text.USBD_CtlError
                0x08006d30       0x22 ./Middlewares/ST/STM32_USB_Device_Library/Core/Src/usbd_ctlreq.o
                0x08006d30                USBD_CtlError
 .text.USBD_GetString
                0x08006d52       0x84 ./Middlewares/ST/STM32_USB_Device_Library/Core/Src/usbd_ctlreq.o
                0x08006d52                USBD_GetString
 .text.USBD_GetLen
                0x08006dd6       0x2e ./Middlewares/ST/STM32_USB_Device_Library/Core/Src/usbd_ctlreq.o
 .text.USBD_CtlSendData
                0x08006e04       0x38 ./Middlewares/ST/STM32_USB_Device_Library/Core/Src/usbd_ioreq.o
                0x08006e04                USBD_CtlSendData
 .text.USBD_CtlContinueSendData
                0x08006e3c       0x24 ./Middlewares/ST/STM32_USB_Device_Library/Core/Src/usbd_ioreq.o
                0x08006e3c                USBD_CtlContinueSendData
 .text.USBD_CtlPrepareRx
                0x08006e60       0x3c ./Middlewares/ST/STM32_USB_Device_Library/Core/Src/usbd_ioreq.o
                0x08006e60                USBD_CtlPrepareRx
 .text.USBD_CtlContinueRx
                0x08006e9c       0x24 ./Middlewares/ST/STM32_USB_Device_Library/Core/Src/usbd_ioreq.o
                0x08006e9c                USBD_CtlContinueRx
 .text.USBD_CtlSendStatus
                0x08006ec0       0x26 ./Middlewares/ST/STM32_USB_Device_Library/Core/Src/usbd_ioreq.o
                0x08006ec0                USBD_CtlSendStatus
 .text.USBD_CtlReceiveStatus
                0x08006ee6       0x26 ./Middlewares/ST/STM32_USB_Device_Library/Core/Src/usbd_ioreq.o
                0x08006ee6                USBD_CtlReceiveStatus
 .text.MX_USB_DEVICE_Init
                0x08006f0c       0x60 ./USB_DEVICE/App/usb_device.o
                0x08006f0c                MX_USB_DEVICE_Init
 .text.CUSTOM_HID_Init_FS
                0x08006f6c        0xe ./USB_DEVICE/App/usbd_custom_hid_if.o
 .text.CUSTOM_HID_DeInit_FS
                0x08006f7a        0xe ./USB_DEVICE/App/usbd_custom_hid_if.o
 .text.CUSTOM_HID_OutEvent_FS
                0x08006f88       0x1c ./USB_DEVICE/App/usbd_custom_hid_if.o
 .text.USBD_FS_DeviceDescriptor
                0x08006fa4       0x24 ./USB_DEVICE/App/usbd_desc.o
                0x08006fa4                USBD_FS_DeviceDescriptor
 .text.USBD_FS_LangIDStrDescriptor
                0x08006fc8       0x24 ./USB_DEVICE/App/usbd_desc.o
                0x08006fc8                USBD_FS_LangIDStrDescriptor
 .text.USBD_FS_ProductStrDescriptor
                0x08006fec       0x3c ./USB_DEVICE/App/usbd_desc.o
                0x08006fec                USBD_FS_ProductStrDescriptor
 .text.USBD_FS_ManufacturerStrDescriptor
                0x08007028       0x28 ./USB_DEVICE/App/usbd_desc.o
                0x08007028                USBD_FS_ManufacturerStrDescriptor
 .text.USBD_FS_SerialStrDescriptor
                0x08007050       0x24 ./USB_DEVICE/App/usbd_desc.o
                0x08007050                USBD_FS_SerialStrDescriptor
 .text.USBD_FS_ConfigStrDescriptor
                0x08007074       0x3c ./USB_DEVICE/App/usbd_desc.o
                0x08007074                USBD_FS_ConfigStrDescriptor
 .text.USBD_FS_InterfaceStrDescriptor
                0x080070b0       0x3c ./USB_DEVICE/App/usbd_desc.o
                0x080070b0                USBD_FS_InterfaceStrDescriptor
 .text.Get_SerialNum
                0x080070ec       0x58 ./USB_DEVICE/App/usbd_desc.o
 .text.IntToUnicode
                0x08007144       0x7c ./USB_DEVICE/App/usbd_desc.o
 .text.HAL_PCD_MspInit
                0x080071c0       0x4c ./USB_DEVICE/Target/usbd_conf.o
                0x080071c0                HAL_PCD_MspInit
 .text.HAL_PCD_SetupStageCallback
                0x0800720c       0x24 ./USB_DEVICE/Target/usbd_conf.o
                0x0800720c                HAL_PCD_SetupStageCallback
 .text.HAL_PCD_DataOutStageCallback
                0x08007230       0x36 ./USB_DEVICE/Target/usbd_conf.o
                0x08007230                HAL_PCD_DataOutStageCallback
 .text.HAL_PCD_DataInStageCallback
                0x08007266       0x34 ./USB_DEVICE/Target/usbd_conf.o
                0x08007266                HAL_PCD_DataInStageCallback
 .text.HAL_PCD_SOFCallback
                0x0800729a       0x1c ./USB_DEVICE/Target/usbd_conf.o
                0x0800729a                HAL_PCD_SOFCallback
 .text.HAL_PCD_ResetCallback
                0x080072b6       0x3c ./USB_DEVICE/Target/usbd_conf.o
                0x080072b6                HAL_PCD_ResetCallback
 *fill*         0x080072f2        0x2 
 .text.HAL_PCD_SuspendCallback
                0x080072f4       0x34 ./USB_DEVICE/Target/usbd_conf.o
                0x080072f4                HAL_PCD_SuspendCallback
 .text.HAL_PCD_ResumeCallback
                0x08007328       0x1c ./USB_DEVICE/Target/usbd_conf.o
                0x08007328                HAL_PCD_ResumeCallback
 .text.USBD_LL_Init
                0x08007344       0xa0 ./USB_DEVICE/Target/usbd_conf.o
                0x08007344                USBD_LL_Init
 .text.USBD_LL_Start
                0x080073e4       0x36 ./USB_DEVICE/Target/usbd_conf.o
                0x080073e4                USBD_LL_Start
 .text.USBD_LL_OpenEP
                0x0800741a       0x4c ./USB_DEVICE/Target/usbd_conf.o
                0x0800741a                USBD_LL_OpenEP
 .text.USBD_LL_CloseEP
                0x08007466       0x3e ./USB_DEVICE/Target/usbd_conf.o
                0x08007466                USBD_LL_CloseEP
 .text.USBD_LL_StallEP
                0x080074a4       0x3e ./USB_DEVICE/Target/usbd_conf.o
                0x080074a4                USBD_LL_StallEP
 .text.USBD_LL_ClearStallEP
                0x080074e2       0x3e ./USB_DEVICE/Target/usbd_conf.o
                0x080074e2                USBD_LL_ClearStallEP
 .text.USBD_LL_IsStallEP
                0x08007520       0x56 ./USB_DEVICE/Target/usbd_conf.o
                0x08007520                USBD_LL_IsStallEP
 .text.USBD_LL_SetUSBAddress
                0x08007576       0x3e ./USB_DEVICE/Target/usbd_conf.o
                0x08007576                USBD_LL_SetUSBAddress
 .text.USBD_LL_Transmit
                0x080075b4       0x46 ./USB_DEVICE/Target/usbd_conf.o
                0x080075b4                USBD_LL_Transmit
 .text.USBD_LL_PrepareReceive
                0x080075fa       0x46 ./USB_DEVICE/Target/usbd_conf.o
                0x080075fa                USBD_LL_PrepareReceive
 .text.USBD_static_malloc
                0x08007640       0x18 ./USB_DEVICE/Target/usbd_conf.o
                0x08007640                USBD_static_malloc
 .text.USBD_static_free
                0x08007658       0x12 ./USB_DEVICE/Target/usbd_conf.o
                0x08007658                USBD_static_free
 .text.HAL_PCDEx_SetConnectionState
                0x0800766a       0x16 ./USB_DEVICE/Target/usbd_conf.o
                0x0800766a                HAL_PCDEx_SetConnectionState
 .text.USBD_Get_USB_Status
                0x08007680       0x58 ./USB_DEVICE/Target/usbd_conf.o
 .text.memset   0x080076d8       0x10 D:/STM32CubeIDE_1.18.0/STM32CubeIDE/plugins/com.st.stm32cube.ide.mcu.externaltools.gnu-tools-for-stm32.13.3.rel1.win32_1.0.0.202411081344/tools/bin/../lib/gcc/arm-none-eabi/13.3.1/../../../../arm-none-eabi/lib/thumb/v7-m/nofp\libc_nano.a(libc_a-memset.o)
                0x080076d8                memset
 .text.__libc_init_array
                0x080076e8       0x48 D:/STM32CubeIDE_1.18.0/STM32CubeIDE/plugins/com.st.stm32cube.ide.mcu.externaltools.gnu-tools-for-stm32.13.3.rel1.win32_1.0.0.202411081344/tools/bin/../lib/gcc/arm-none-eabi/13.3.1/../../../../arm-none-eabi/lib/thumb/v7-m/nofp\libc_nano.a(libc_a-init.o)
                0x080076e8                __libc_init_array
 *(.glue_7)
 .glue_7        0x08007730        0x0 linker stubs
 *(.glue_7t)
 .glue_7t       0x08007730        0x0 linker stubs
 *(.eh_frame)
 .eh_frame      0x08007730        0x0 D:/STM32CubeIDE_1.18.0/STM32CubeIDE/plugins/com.st.stm32cube.ide.mcu.externaltools.gnu-tools-for-stm32.13.3.rel1.win32_1.0.0.202411081344/tools/bin/../lib/gcc/arm-none-eabi/13.3.1/thumb/v7-m/nofp/crtbegin.o
 *(.init)
 .init          0x08007730        0x4 D:/STM32CubeIDE_1.18.0/STM32CubeIDE/plugins/com.st.stm32cube.ide.mcu.externaltools.gnu-tools-for-stm32.13.3.rel1.win32_1.0.0.202411081344/tools/bin/../lib/gcc/arm-none-eabi/13.3.1/thumb/v7-m/nofp/crti.o
                0x08007730                _init
 .init          0x08007734        0x8 D:/STM32CubeIDE_1.18.0/STM32CubeIDE/plugins/com.st.stm32cube.ide.mcu.externaltools.gnu-tools-for-stm32.13.3.rel1.win32_1.0.0.202411081344/tools/bin/../lib/gcc/arm-none-eabi/13.3.1/thumb/v7-m/nofp/crtn.o
 *(.fini)
 .fini          0x0800773c        0x4 D:/STM32CubeIDE_1.18.0/STM32CubeIDE/plugins/com.st.stm32cube.ide.mcu.externaltools.gnu-tools-for-stm32.13.3.rel1.win32_1.0.0.202411081344/tools/bin/../lib/gcc/arm-none-eabi/13.3.1/thumb/v7-m/nofp/crti.o
                0x0800773c                _fini
 .fini          0x08007740        0x8 D:/STM32CubeIDE_1.18.0/STM32CubeIDE/plugins/com.st.stm32cube.ide.mcu.externaltools.gnu-tools-for-stm32.13.3.rel1.win32_1.0.0.202411081344/tools/bin/../lib/gcc/arm-none-eabi/13.3.1/thumb/v7-m/nofp/crtn.o
                0x08007748                        . = ALIGN (0x4)
                0x08007748                        _etext = .

.vfp11_veneer   0x08007748        0x0
 .vfp11_veneer  0x08007748        0x0 linker stubs

.v4_bx          0x08007748        0x0
 .v4_bx         0x08007748        0x0 linker stubs

.iplt           0x08007748        0x0
 .iplt          0x08007748        0x0 D:/STM32CubeIDE_1.18.0/STM32CubeIDE/plugins/com.st.stm32cube.ide.mcu.externaltools.gnu-tools-for-stm32.13.3.rel1.win32_1.0.0.202411081344/tools/bin/../lib/gcc/arm-none-eabi/13.3.1/thumb/v7-m/nofp/crtbegin.o

.rodata         0x08007748      0x198
                0x08007748                        . = ALIGN (0x4)
 *(.rodata)
 .rodata        0x08007748       0x13 ./Core/Src/main.o
 *fill*         0x0800775b        0x1 
 .rodata        0x0800775c       0x5d ./USB_DEVICE/App/usbd_desc.o
 *(.rodata*)
 *fill*         0x080077b9        0x3 
 .rodata.AHBPrescTable
                0x080077bc       0x10 ./Core/Src/system_stm32f1xx.o
                0x080077bc                AHBPrescTable
 .rodata.aPLLMULFactorTable.1
                0x080077cc       0x10 ./Drivers/STM32F1xx_HAL_Driver/Src/stm32f1xx_hal_rcc.o
 .rodata.aPredivFactorTable.0
                0x080077dc        0x2 ./Drivers/STM32F1xx_HAL_Driver/Src/stm32f1xx_hal_rcc.o
 .rodata._ctype_
                0x080077de      0x101 D:/STM32CubeIDE_1.18.0/STM32CubeIDE/plugins/com.st.stm32cube.ide.mcu.externaltools.gnu-tools-for-stm32.13.3.rel1.win32_1.0.0.202411081344/tools/bin/../lib/gcc/arm-none-eabi/13.3.1/../../../../arm-none-eabi/lib/thumb/v7-m/nofp\libc_nano.a(libc_a-ctype_.o)
                0x080077de                _ctype_
                0x080078e0                        . = ALIGN (0x4)
 *fill*         0x080078df        0x1 

.ARM.extab      0x080078e0        0x0
                0x080078e0                        . = ALIGN (0x4)
 *(.ARM.extab* .gnu.linkonce.armextab.*)
                0x080078e0                        . = ALIGN (0x4)

.ARM            0x080078e0        0x0
                0x080078e0                        . = ALIGN (0x4)
                0x080078e0                        __exidx_start = .
 *(.ARM.exidx*)
                0x080078e0                        __exidx_end = .
                0x080078e0                        . = ALIGN (0x4)

.preinit_array  0x080078e0        0x0
                0x080078e0                        . = ALIGN (0x4)
                0x080078e0                        PROVIDE (__preinit_array_start = .)
 *(.preinit_array*)
                0x080078e0                        PROVIDE (__preinit_array_end = .)
                0x080078e0                        . = ALIGN (0x4)

.init_array     0x080078e0        0x4
                0x080078e0                        . = ALIGN (0x4)
                0x080078e0                        PROVIDE (__init_array_start = .)
 *(SORT_BY_NAME(.init_array.*))
 *(.init_array*)
 .init_array    0x080078e0        0x4 D:/STM32CubeIDE_1.18.0/STM32CubeIDE/plugins/com.st.stm32cube.ide.mcu.externaltools.gnu-tools-for-stm32.13.3.rel1.win32_1.0.0.202411081344/tools/bin/../lib/gcc/arm-none-eabi/13.3.1/thumb/v7-m/nofp/crtbegin.o
                0x080078e4                        PROVIDE (__init_array_end = .)
                0x080078e4                        . = ALIGN (0x4)

.fini_array     0x080078e4        0x4
                0x080078e4                        . = ALIGN (0x4)
                [!provide]                        PROVIDE (__fini_array_start = .)
 *(SORT_BY_NAME(.fini_array.*))
 *(.fini_array*)
 .fini_array    0x080078e4        0x4 D:/STM32CubeIDE_1.18.0/STM32CubeIDE/plugins/com.st.stm32cube.ide.mcu.externaltools.gnu-tools-for-stm32.13.3.rel1.win32_1.0.0.202411081344/tools/bin/../lib/gcc/arm-none-eabi/13.3.1/thumb/v7-m/nofp/crtbegin.o
                [!provide]                        PROVIDE (__fini_array_end = .)
                0x080078e8                        . = ALIGN (0x4)
                0x080078e8                        _sidata = LOADADDR (.data)

.rel.dyn        0x080078e8        0x0
 .rel.iplt      0x080078e8        0x0 D:/STM32CubeIDE_1.18.0/STM32CubeIDE/plugins/com.st.stm32cube.ide.mcu.externaltools.gnu-tools-for-stm32.13.3.rel1.win32_1.0.0.202411081344/tools/bin/../lib/gcc/arm-none-eabi/13.3.1/thumb/v7-m/nofp/crtbegin.o

.data           0x20000000      0x180 load address 0x080078e8
                0x20000000                        . = ALIGN (0x4)
                0x20000000                        _sdata = .
 *(.data)
 *(.data*)
 .data.SystemCoreClock
                0x20000000        0x4 ./Core/Src/system_stm32f1xx.o
                0x20000000                SystemCoreClock
 .data.uwTickPrio
                0x20000004        0x4 ./Drivers/STM32F1xx_HAL_Driver/Src/stm32f1xx_hal.o
                0x20000004                uwTickPrio
 .data.uwTickFreq
                0x20000008        0x1 ./Drivers/STM32F1xx_HAL_Driver/Src/stm32f1xx_hal.o
                0x20000008                uwTickFreq
 *fill*         0x20000009        0x3 
 .data.USBD_CUSTOM_HID
                0x2000000c       0x38 ./Middlewares/ST/STM32_USB_Device_Library/Class/CustomHID/Src/usbd_customhid.o
                0x2000000c                USBD_CUSTOM_HID
 .data.USBD_CUSTOM_HID_CfgFSDesc
                0x20000044       0x29 ./Middlewares/ST/STM32_USB_Device_Library/Class/CustomHID/Src/usbd_customhid.o
 *fill*         0x2000006d        0x3 
 .data.USBD_CUSTOM_HID_CfgHSDesc
                0x20000070       0x29 ./Middlewares/ST/STM32_USB_Device_Library/Class/CustomHID/Src/usbd_customhid.o
 *fill*         0x20000099        0x3 
 .data.USBD_CUSTOM_HID_OtherSpeedCfgDesc
                0x2000009c       0x29 ./Middlewares/ST/STM32_USB_Device_Library/Class/CustomHID/Src/usbd_customhid.o
 *fill*         0x200000c5        0x3 
 .data.USBD_CUSTOM_HID_Desc
                0x200000c8        0x9 ./Middlewares/ST/STM32_USB_Device_Library/Class/CustomHID/Src/usbd_customhid.o
 *fill*         0x200000d1        0x3 
 .data.USBD_CUSTOM_HID_DeviceQualifierDesc
                0x200000d4        0xa ./Middlewares/ST/STM32_USB_Device_Library/Class/CustomHID/Src/usbd_customhid.o
 *fill*         0x200000de        0x2 
 .data.CUSTOM_HID_ReportDesc_FS
                0x200000e0       0x3f ./USB_DEVICE/App/usbd_custom_hid_if.o
 *fill*         0x2000011f        0x1 
 .data.USBD_CustomHID_fops_FS
                0x20000120       0x10 ./USB_DEVICE/App/usbd_custom_hid_if.o
                0x20000120                USBD_CustomHID_fops_FS
 .data.FS_Desc  0x20000130       0x1c ./USB_DEVICE/App/usbd_desc.o
                0x20000130                FS_Desc
 .data.USBD_FS_DeviceDesc
                0x2000014c       0x12 ./USB_DEVICE/App/usbd_desc.o
                0x2000014c                USBD_FS_DeviceDesc
 *fill*         0x2000015e        0x2 
 .data.USBD_LangIDDesc
                0x20000160        0x4 ./USB_DEVICE/App/usbd_desc.o
                0x20000160                USBD_LangIDDesc
 .data.USBD_StringSerial
                0x20000164       0x1a ./USB_DEVICE/App/usbd_desc.o
                0x20000164                USBD_StringSerial
 *(.RamFunc)
 *(.RamFunc*)
                0x20000180                        . = ALIGN (0x4)
 *fill*         0x2000017e        0x2 
                0x20000180                        _edata = .

.igot.plt       0x20000180        0x0 load address 0x08007a68
 .igot.plt      0x20000180        0x0 D:/STM32CubeIDE_1.18.0/STM32CubeIDE/plugins/com.st.stm32cube.ide.mcu.externaltools.gnu-tools-for-stm32.13.3.rel1.win32_1.0.0.202411081344/tools/bin/../lib/gcc/arm-none-eabi/13.3.1/thumb/v7-m/nofp/crtbegin.o
                0x20000180                        . = ALIGN (0x4)

.bss            0x20000180      0x7e4 load address 0x08007a68
                0x20000180                        _sbss = .
                0x20000180                        __bss_start__ = _sbss
 *(.bss)
 .bss           0x20000180       0x1c D:/STM32CubeIDE_1.18.0/STM32CubeIDE/plugins/com.st.stm32cube.ide.mcu.externaltools.gnu-tools-for-stm32.13.3.rel1.win32_1.0.0.202411081344/tools/bin/../lib/gcc/arm-none-eabi/13.3.1/thumb/v7-m/nofp/crtbegin.o
 *(.bss*)
 .bss.report    0x2000019c        0x8 ./Core/Src/main.o
                0x2000019c                report
 .bss.uwTick    0x200001a4        0x4 ./Drivers/STM32F1xx_HAL_Driver/Src/stm32f1xx_hal.o
                0x200001a4                uwTick
 .bss.cfgidx.0  0x200001a8        0x1 ./Middlewares/ST/STM32_USB_Device_Library/Core/Src/usbd_ctlreq.o
 *fill*         0x200001a9        0x3 
 .bss.hUsbDeviceFS
                0x200001ac      0x2c4 ./USB_DEVICE/App/usb_device.o
                0x200001ac                hUsbDeviceFS
 .bss.USBD_StrDesc
                0x20000470      0x200 ./USB_DEVICE/App/usbd_desc.o
                0x20000470                USBD_StrDesc
 .bss.hpcd_USB_FS
                0x20000670      0x2d8 ./USB_DEVICE/Target/usbd_conf.o
                0x20000670                hpcd_USB_FS
 .bss.mem.0     0x20000948       0x1c ./USB_DEVICE/Target/usbd_conf.o
 *(COMMON)
                0x20000964                        . = ALIGN (0x4)
                0x20000964                        _ebss = .
                0x20000964                        __bss_end__ = _ebss

._user_heap_stack
                0x20000964      0x604 load address 0x08007a68
                0x20000968                        . = ALIGN (0x8)
 *fill*         0x20000964        0x4 
                [!provide]                        PROVIDE (end = .)
                0x20000968                        PROVIDE (_end = .)
                0x20000b68                        . = (. + _Min_Heap_Size)
 *fill*         0x20000968      0x200 
                0x20000f68                        . = (. + _Min_Stack_Size)
 *fill*         0x20000b68      0x400 
                0x20000f68                        . = ALIGN (0x8)

/DISCARD/
 libc.a(*)
 libm.a(*)
 libgcc.a(*)

.ARM.attributes
                0x00000000       0x29
 *(.ARM.attributes)
 .ARM.attributes
                0x00000000       0x1d D:/STM32CubeIDE_1.18.0/STM32CubeIDE/plugins/com.st.stm32cube.ide.mcu.externaltools.gnu-tools-for-stm32.13.3.rel1.win32_1.0.0.202411081344/tools/bin/../lib/gcc/arm-none-eabi/13.3.1/thumb/v7-m/nofp/crti.o
 .ARM.attributes
                0x0000001d       0x2d D:/STM32CubeIDE_1.18.0/STM32CubeIDE/plugins/com.st.stm32cube.ide.mcu.externaltools.gnu-tools-for-stm32.13.3.rel1.win32_1.0.0.202411081344/tools/bin/../lib/gcc/arm-none-eabi/13.3.1/thumb/v7-m/nofp/crtbegin.o
 .ARM.attributes
                0x0000004a       0x2d ./Core/Src/main.o
 .ARM.attributes
                0x00000077       0x2d ./Core/Src/stm32f1xx_hal_msp.o
 .ARM.attributes
                0x000000a4       0x2d ./Core/Src/stm32f1xx_it.o
 .ARM.attributes
                0x000000d1       0x2d ./Core/Src/system_stm32f1xx.o
 .ARM.attributes
                0x000000fe       0x21 ./Core/Startup/startup_stm32f103c8tx.o
 .ARM.attributes
                0x0000011f       0x2d ./Drivers/STM32F1xx_HAL_Driver/Src/stm32f1xx_hal.o
 .ARM.attributes
                0x0000014c       0x2d ./Drivers/STM32F1xx_HAL_Driver/Src/stm32f1xx_hal_cortex.o
 .ARM.attributes
                0x00000179       0x2d ./Drivers/STM32F1xx_HAL_Driver/Src/stm32f1xx_hal_gpio.o
 .ARM.attributes
                0x000001a6       0x2d ./Drivers/STM32F1xx_HAL_Driver/Src/stm32f1xx_hal_pcd.o
 .ARM.attributes
                0x000001d3       0x2d ./Drivers/STM32F1xx_HAL_Driver/Src/stm32f1xx_hal_pcd_ex.o
 .ARM.attributes
                0x00000200       0x2d ./Drivers/STM32F1xx_HAL_Driver/Src/stm32f1xx_hal_rcc.o
 .ARM.attributes
                0x0000022d       0x2d ./Drivers/STM32F1xx_HAL_Driver/Src/stm32f1xx_hal_rcc_ex.o
 .ARM.attributes
                0x0000025a       0x2d ./Drivers/STM32F1xx_HAL_Driver/Src/stm32f1xx_ll_usb.o
 .ARM.attributes
                0x00000287       0x2d ./Middlewares/ST/STM32_USB_Device_Library/Class/CustomHID/Src/usbd_customhid.o
 .ARM.attributes
                0x000002b4       0x2d ./Middlewares/ST/STM32_USB_Device_Library/Core/Src/usbd_core.o
 .ARM.attributes
                0x000002e1       0x2d ./Middlewares/ST/STM32_USB_Device_Library/Core/Src/usbd_ctlreq.o
 .ARM.attributes
                0x0000030e       0x2d ./Middlewares/ST/STM32_USB_Device_Library/Core/Src/usbd_ioreq.o
 .ARM.attributes
                0x0000033b       0x2d ./USB_DEVICE/App/usb_device.o
 .ARM.attributes
                0x00000368       0x2d ./USB_DEVICE/App/usbd_custom_hid_if.o
 .ARM.attributes
                0x00000395       0x2d ./USB_DEVICE/App/usbd_desc.o
 .ARM.attributes
                0x000003c2       0x2d ./USB_DEVICE/Target/usbd_conf.o
 .ARM.attributes
                0x000003ef       0x2d D:/STM32CubeIDE_1.18.0/STM32CubeIDE/plugins/com.st.stm32cube.ide.mcu.externaltools.gnu-tools-for-stm32.13.3.rel1.win32_1.0.0.202411081344/tools/bin/../lib/gcc/arm-none-eabi/13.3.1/../../../../arm-none-eabi/lib/thumb/v7-m/nofp\libc_nano.a(libc_a-ctype_.o)
 .ARM.attributes
                0x0000041c       0x2d D:/STM32CubeIDE_1.18.0/STM32CubeIDE/plugins/com.st.stm32cube.ide.mcu.externaltools.gnu-tools-for-stm32.13.3.rel1.win32_1.0.0.202411081344/tools/bin/../lib/gcc/arm-none-eabi/13.3.1/../../../../arm-none-eabi/lib/thumb/v7-m/nofp\libc_nano.a(libc_a-memset.o)
 .ARM.attributes
                0x00000449       0x2d D:/STM32CubeIDE_1.18.0/STM32CubeIDE/plugins/com.st.stm32cube.ide.mcu.externaltools.gnu-tools-for-stm32.13.3.rel1.win32_1.0.0.202411081344/tools/bin/../lib/gcc/arm-none-eabi/13.3.1/../../../../arm-none-eabi/lib/thumb/v7-m/nofp\libc_nano.a(libc_a-init.o)
 .ARM.attributes
                0x00000476       0x1d D:/STM32CubeIDE_1.18.0/STM32CubeIDE/plugins/com.st.stm32cube.ide.mcu.externaltools.gnu-tools-for-stm32.13.3.rel1.win32_1.0.0.202411081344/tools/bin/../lib/gcc/arm-none-eabi/13.3.1/thumb/v7-m/nofp/crtn.o
OUTPUT(usb_keyboard.elf elf32-littlearm)
LOAD linker stubs
LOAD D:/STM32CubeIDE_1.18.0/STM32CubeIDE/plugins/com.st.stm32cube.ide.mcu.externaltools.gnu-tools-for-stm32.13.3.rel1.win32_1.0.0.202411081344/tools/bin/../lib/gcc/arm-none-eabi/13.3.1/../../../../arm-none-eabi/lib/thumb/v7-m/nofp\libc.a
LOAD D:/STM32CubeIDE_1.18.0/STM32CubeIDE/plugins/com.st.stm32cube.ide.mcu.externaltools.gnu-tools-for-stm32.13.3.rel1.win32_1.0.0.202411081344/tools/bin/../lib/gcc/arm-none-eabi/13.3.1/../../../../arm-none-eabi/lib/thumb/v7-m/nofp\libm.a
LOAD D:/STM32CubeIDE_1.18.0/STM32CubeIDE/plugins/com.st.stm32cube.ide.mcu.externaltools.gnu-tools-for-stm32.13.3.rel1.win32_1.0.0.202411081344/tools/bin/../lib/gcc/arm-none-eabi/13.3.1/thumb/v7-m/nofp\libgcc.a

.debug_info     0x00000000     0xb879
 .debug_info    0x00000000      0xb24 ./Core/Src/main.o
 .debug_info    0x00000b24      0x370 ./Core/Src/stm32f1xx_hal_msp.o
 .debug_info    0x00000e94      0x612 ./Core/Src/stm32f1xx_it.o
 .debug_info    0x000014a6      0x222 ./Core/Src/system_stm32f1xx.o
 .debug_info    0x000016c8       0x30 ./Core/Startup/startup_stm32f103c8tx.o
 .debug_info    0x000016f8      0x704 ./Drivers/STM32F1xx_HAL_Driver/Src/stm32f1xx_hal.o
 .debug_info    0x00001dfc      0xa87 ./Drivers/STM32F1xx_HAL_Driver/Src/stm32f1xx_hal_cortex.o
 .debug_info    0x00002883      0x5ab ./Drivers/STM32F1xx_HAL_Driver/Src/stm32f1xx_hal_gpio.o
 .debug_info    0x00002e2e     0x16dc ./Drivers/STM32F1xx_HAL_Driver/Src/stm32f1xx_hal_pcd.o
 .debug_info    0x0000450a      0x6c3 ./Drivers/STM32F1xx_HAL_Driver/Src/stm32f1xx_hal_pcd_ex.o
 .debug_info    0x00004bcd      0x7d5 ./Drivers/STM32F1xx_HAL_Driver/Src/stm32f1xx_hal_rcc.o
 .debug_info    0x000053a2      0x3c0 ./Drivers/STM32F1xx_HAL_Driver/Src/stm32f1xx_hal_rcc_ex.o
 .debug_info    0x00005762     0x17ae ./Drivers/STM32F1xx_HAL_Driver/Src/stm32f1xx_ll_usb.o
 .debug_info    0x00006f10      0xab5 ./Middlewares/ST/STM32_USB_Device_Library/Class/CustomHID/Src/usbd_customhid.o
 .debug_info    0x000079c5      0xa52 ./Middlewares/ST/STM32_USB_Device_Library/Core/Src/usbd_core.o
 .debug_info    0x00008417      0x91c ./Middlewares/ST/STM32_USB_Device_Library/Core/Src/usbd_ctlreq.o
 .debug_info    0x00008d33      0x6a0 ./Middlewares/ST/STM32_USB_Device_Library/Core/Src/usbd_ioreq.o
 .debug_info    0x000093d3      0x61a ./USB_DEVICE/App/usb_device.o
 .debug_info    0x000099ed      0x1de ./USB_DEVICE/App/usbd_custom_hid_if.o
 .debug_info    0x00009bcb      0x44a ./USB_DEVICE/App/usbd_desc.o
 .debug_info    0x0000a015     0x1864 ./USB_DEVICE/Target/usbd_conf.o

.debug_abbrev   0x00000000     0x2903
 .debug_abbrev  0x00000000      0x32b ./Core/Src/main.o
 .debug_abbrev  0x0000032b      0x11e ./Core/Src/stm32f1xx_hal_msp.o
 .debug_abbrev  0x00000449      0x192 ./Core/Src/stm32f1xx_it.o
 .debug_abbrev  0x000005db      0x13f ./Core/Src/system_stm32f1xx.o
 .debug_abbrev  0x0000071a       0x24 ./Core/Startup/startup_stm32f103c8tx.o
 .debug_abbrev  0x0000073e      0x201 ./Drivers/STM32F1xx_HAL_Driver/Src/stm32f1xx_hal.o
 .debug_abbrev  0x0000093f      0x2f8 ./Drivers/STM32F1xx_HAL_Driver/Src/stm32f1xx_hal_cortex.o
 .debug_abbrev  0x00000c37      0x1ca ./Drivers/STM32F1xx_HAL_Driver/Src/stm32f1xx_hal_gpio.o
 .debug_abbrev  0x00000e01      0x2d6 ./Drivers/STM32F1xx_HAL_Driver/Src/stm32f1xx_hal_pcd.o
 .debug_abbrev  0x000010d7      0x189 ./Drivers/STM32F1xx_HAL_Driver/Src/stm32f1xx_hal_pcd_ex.o
 .debug_abbrev  0x00001260      0x2b3 ./Drivers/STM32F1xx_HAL_Driver/Src/stm32f1xx_hal_rcc.o
 .debug_abbrev  0x00001513      0x188 ./Drivers/STM32F1xx_HAL_Driver/Src/stm32f1xx_hal_rcc_ex.o
 .debug_abbrev  0x0000169b      0x1de ./Drivers/STM32F1xx_HAL_Driver/Src/stm32f1xx_ll_usb.o
 .debug_abbrev  0x00001879      0x272 ./Middlewares/ST/STM32_USB_Device_Library/Class/CustomHID/Src/usbd_customhid.o
 .debug_abbrev  0x00001aeb      0x24a ./Middlewares/ST/STM32_USB_Device_Library/Core/Src/usbd_core.o
 .debug_abbrev  0x00001d35      0x26b ./Middlewares/ST/STM32_USB_Device_Library/Core/Src/usbd_ctlreq.o
 .debug_abbrev  0x00001fa0      0x192 ./Middlewares/ST/STM32_USB_Device_Library/Core/Src/usbd_ioreq.o
 .debug_abbrev  0x00002132      0x18d ./USB_DEVICE/App/usb_device.o
 .debug_abbrev  0x000022bf      0x12f ./USB_DEVICE/App/usbd_custom_hid_if.o
 .debug_abbrev  0x000023ee      0x1ff ./USB_DEVICE/App/usbd_desc.o
 .debug_abbrev  0x000025ed      0x316 ./USB_DEVICE/Target/usbd_conf.o

.debug_aranges  0x00000000      0xa78
 .debug_aranges
                0x00000000       0x60 ./Core/Src/main.o
 .debug_aranges
                0x00000060       0x20 ./Core/Src/stm32f1xx_hal_msp.o
 .debug_aranges
                0x00000080       0x70 ./Core/Src/stm32f1xx_it.o
 .debug_aranges
                0x000000f0       0x28 ./Core/Src/system_stm32f1xx.o
 .debug_aranges
                0x00000118       0x28 ./Core/Startup/startup_stm32f103c8tx.o
 .debug_aranges
                0x00000140       0xe0 ./Drivers/STM32F1xx_HAL_Driver/Src/stm32f1xx_hal.o
 .debug_aranges
                0x00000220      0x100 ./Drivers/STM32F1xx_HAL_Driver/Src/stm32f1xx_hal_cortex.o
 .debug_aranges
                0x00000320       0x58 ./Drivers/STM32F1xx_HAL_Driver/Src/stm32f1xx_hal_gpio.o
 .debug_aranges
                0x00000378      0x140 ./Drivers/STM32F1xx_HAL_Driver/Src/stm32f1xx_hal_pcd.o
 .debug_aranges
                0x000004b8       0x38 ./Drivers/STM32F1xx_HAL_Driver/Src/stm32f1xx_hal_pcd_ex.o
 .debug_aranges
                0x000004f0       0x90 ./Drivers/STM32F1xx_HAL_Driver/Src/stm32f1xx_hal_rcc.o
 .debug_aranges
                0x00000580       0x30 ./Drivers/STM32F1xx_HAL_Driver/Src/stm32f1xx_hal_rcc_ex.o
 .debug_aranges
                0x000005b0       0xf8 ./Drivers/STM32F1xx_HAL_Driver/Src/stm32f1xx_ll_usb.o
 .debug_aranges
                0x000006a8       0x78 ./Middlewares/ST/STM32_USB_Device_Library/Class/CustomHID/Src/usbd_customhid.o
 .debug_aranges
                0x00000720       0xb8 ./Middlewares/ST/STM32_USB_Device_Library/Core/Src/usbd_core.o
 .debug_aranges
                0x000007d8       0x88 ./Middlewares/ST/STM32_USB_Device_Library/Core/Src/usbd_ctlreq.o
 .debug_aranges
                0x00000860       0x50 ./Middlewares/ST/STM32_USB_Device_Library/Core/Src/usbd_ioreq.o
 .debug_aranges
                0x000008b0       0x20 ./USB_DEVICE/App/usb_device.o
 .debug_aranges
                0x000008d0       0x30 ./USB_DEVICE/App/usbd_custom_hid_if.o
 .debug_aranges
                0x00000900       0x60 ./USB_DEVICE/App/usbd_desc.o
 .debug_aranges
                0x00000960      0x118 ./USB_DEVICE/Target/usbd_conf.o

.debug_rnglists
                0x00000000      0x79f
 .debug_rnglists
                0x00000000       0x47 ./Core/Src/main.o
 .debug_rnglists
                0x00000047       0x13 ./Core/Src/stm32f1xx_hal_msp.o
 .debug_rnglists
                0x0000005a       0x4f ./Core/Src/stm32f1xx_it.o
 .debug_rnglists
                0x000000a9       0x1a ./Core/Src/system_stm32f1xx.o
 .debug_rnglists
                0x000000c3       0x19 ./Core/Startup/startup_stm32f103c8tx.o
 .debug_rnglists
                0x000000dc       0xa3 ./Drivers/STM32F1xx_HAL_Driver/Src/stm32f1xx_hal.o
 .debug_rnglists
                0x0000017f       0xbb ./Drivers/STM32F1xx_HAL_Driver/Src/stm32f1xx_hal_cortex.o
 .debug_rnglists
                0x0000023a       0x3f ./Drivers/STM32F1xx_HAL_Driver/Src/stm32f1xx_hal_gpio.o
 .debug_rnglists
                0x00000279       0xf4 ./Drivers/STM32F1xx_HAL_Driver/Src/stm32f1xx_hal_pcd.o
 .debug_rnglists
                0x0000036d       0x26 ./Drivers/STM32F1xx_HAL_Driver/Src/stm32f1xx_hal_pcd_ex.o
 .debug_rnglists
                0x00000393       0x6c ./Drivers/STM32F1xx_HAL_Driver/Src/stm32f1xx_hal_rcc.o
 .debug_rnglists
                0x000003ff       0x21 ./Drivers/STM32F1xx_HAL_Driver/Src/stm32f1xx_hal_rcc_ex.o
 .debug_rnglists
                0x00000420       0xbd ./Drivers/STM32F1xx_HAL_Driver/Src/stm32f1xx_ll_usb.o
 .debug_rnglists
                0x000004dd       0x57 ./Middlewares/ST/STM32_USB_Device_Library/Class/CustomHID/Src/usbd_customhid.o
 .debug_rnglists
                0x00000534       0x89 ./Middlewares/ST/STM32_USB_Device_Library/Core/Src/usbd_core.o
 .debug_rnglists
                0x000005bd       0x68 ./Middlewares/ST/STM32_USB_Device_Library/Core/Src/usbd_ctlreq.o
 .debug_rnglists
                0x00000625       0x37 ./Middlewares/ST/STM32_USB_Device_Library/Core/Src/usbd_ioreq.o
 .debug_rnglists
                0x0000065c       0x13 ./USB_DEVICE/App/usb_device.o
 .debug_rnglists
                0x0000066f       0x1f ./USB_DEVICE/App/usbd_custom_hid_if.o
 .debug_rnglists
                0x0000068e       0x43 ./USB_DEVICE/App/usbd_desc.o
 .debug_rnglists
                0x000006d1       0xce ./USB_DEVICE/Target/usbd_conf.o

.debug_macro    0x00000000    0x19178
 .debug_macro   0x00000000      0x31f ./Core/Src/main.o
 .debug_macro   0x0000031f      0xacc ./Core/Src/main.o
 .debug_macro   0x00000deb      0x215 ./Core/Src/main.o
 .debug_macro   0x00001000       0x2e ./Core/Src/main.o
 .debug_macro   0x0000102e       0x22 ./Core/Src/main.o
 .debug_macro   0x00001050       0x22 ./Core/Src/main.o
 .debug_macro   0x00001072       0x8e ./Core/Src/main.o
 .debug_macro   0x00001100       0x51 ./Core/Src/main.o
 .debug_macro   0x00001151      0x103 ./Core/Src/main.o
 .debug_macro   0x00001254       0x6a ./Core/Src/main.o
 .debug_macro   0x000012be      0x1df ./Core/Src/main.o
 .debug_macro   0x0000149d       0x1c ./Core/Src/main.o
 .debug_macro   0x000014b9       0x22 ./Core/Src/main.o
 .debug_macro   0x000014db       0xbd ./Core/Src/main.o
 .debug_macro   0x00001598      0xd23 ./Core/Src/main.o
 .debug_macro   0x000022bb     0xe09e ./Core/Src/main.o
 .debug_macro   0x00010359       0x6d ./Core/Src/main.o
 .debug_macro   0x000103c6     0x34a2 ./Core/Src/main.o
 .debug_macro   0x00013868      0x190 ./Core/Src/main.o
 .debug_macro   0x000139f8       0x5c ./Core/Src/main.o
 .debug_macro   0x00013a54      0x5bc ./Core/Src/main.o
 .debug_macro   0x00014010      0x289 ./Core/Src/main.o
 .debug_macro   0x00014299      0x1cb ./Core/Src/main.o
 .debug_macro   0x00014464      0x114 ./Core/Src/main.o
 .debug_macro   0x00014578      0x1b2 ./Core/Src/main.o
 .debug_macro   0x0001472a       0x27 ./Core/Src/main.o
 .debug_macro   0x00014751      0x136 ./Core/Src/main.o
 .debug_macro   0x00014887      0x1bc ./Core/Src/main.o
 .debug_macro   0x00014a43       0x34 ./Core/Src/main.o
 .debug_macro   0x00014a77       0x3c ./Core/Src/main.o
 .debug_macro   0x00014ab3       0x57 ./Core/Src/main.o
 .debug_macro   0x00014b0a       0x87 ./Core/Src/main.o
 .debug_macro   0x00014b91      0x240 ./Core/Src/main.o
 .debug_macro   0x00014dd1      0x140 ./Core/Src/main.o
 .debug_macro   0x00014f11       0xb7 ./Core/Src/main.o
 .debug_macro   0x00014fc8      0x242 ./Core/Src/main.o
 .debug_macro   0x0001520a       0x83 ./Core/Src/main.o
 .debug_macro   0x0001528d       0x61 ./Core/Src/main.o
 .debug_macro   0x000152ee       0x24 ./Core/Src/main.o
 .debug_macro   0x00015312       0x43 ./Core/Src/main.o
 .debug_macro   0x00015355       0x34 ./Core/Src/main.o
 .debug_macro   0x00015389       0x16 ./Core/Src/main.o
 .debug_macro   0x0001539f       0x3c ./Core/Src/main.o
 .debug_macro   0x000153db      0x370 ./Core/Src/main.o
 .debug_macro   0x0001574b       0x10 ./Core/Src/main.o
 .debug_macro   0x0001575b       0x16 ./Core/Src/main.o
 .debug_macro   0x00015771       0x4a ./Core/Src/main.o
 .debug_macro   0x000157bb       0x34 ./Core/Src/main.o
 .debug_macro   0x000157ef       0x10 ./Core/Src/main.o
 .debug_macro   0x000157ff       0x58 ./Core/Src/main.o
 .debug_macro   0x00015857       0x8e ./Core/Src/main.o
 .debug_macro   0x000158e5       0x1c ./Core/Src/main.o
 .debug_macro   0x00015901      0x185 ./Core/Src/main.o
 .debug_macro   0x00015a86       0x16 ./Core/Src/main.o
 .debug_macro   0x00015a9c       0x16 ./Core/Src/main.o
 .debug_macro   0x00015ab2      0x146 ./Core/Src/main.o
 .debug_macro   0x00015bf8       0x16 ./Core/Src/main.o
 .debug_macro   0x00015c0e       0x16 ./Core/Src/main.o
 .debug_macro   0x00015c24       0x29 ./Core/Src/main.o
 .debug_macro   0x00015c4d       0x16 ./Core/Src/main.o
 .debug_macro   0x00015c63       0x20 ./Core/Src/main.o
 .debug_macro   0x00015c83       0x6c ./Core/Src/main.o
 .debug_macro   0x00015cef      0x1c8 ./Core/Src/main.o
 .debug_macro   0x00015eb7      0x11f ./Core/Src/main.o
 .debug_macro   0x00015fd6      0x1b2 ./Core/Src/stm32f1xx_hal_msp.o
 .debug_macro   0x00016188      0x1bc ./Core/Src/stm32f1xx_it.o
 .debug_macro   0x00016344      0x1a8 ./Core/Src/system_stm32f1xx.o
 .debug_macro   0x000164ec      0x1cc ./Drivers/STM32F1xx_HAL_Driver/Src/stm32f1xx_hal.o
 .debug_macro   0x000166b8      0x1a8 ./Drivers/STM32F1xx_HAL_Driver/Src/stm32f1xx_hal_cortex.o
 .debug_macro   0x00016860      0x213 ./Drivers/STM32F1xx_HAL_Driver/Src/stm32f1xx_hal_gpio.o
 .debug_macro   0x00016a73      0x1b4 ./Drivers/STM32F1xx_HAL_Driver/Src/stm32f1xx_hal_pcd.o
 .debug_macro   0x00016c27      0x1a8 ./Drivers/STM32F1xx_HAL_Driver/Src/stm32f1xx_hal_pcd_ex.o
 .debug_macro   0x00016dcf      0x1ba ./Drivers/STM32F1xx_HAL_Driver/Src/stm32f1xx_hal_rcc.o
 .debug_macro   0x00016f89      0x1a8 ./Drivers/STM32F1xx_HAL_Driver/Src/stm32f1xx_hal_rcc_ex.o
 .debug_macro   0x00017131      0x1a8 ./Drivers/STM32F1xx_HAL_Driver/Src/stm32f1xx_ll_usb.o
 .debug_macro   0x000172d9      0x341 ./Middlewares/ST/STM32_USB_Device_Library/Class/CustomHID/Src/usbd_customhid.o
 .debug_macro   0x0001761a       0x9e ./Middlewares/ST/STM32_USB_Device_Library/Class/CustomHID/Src/usbd_customhid.o
 .debug_macro   0x000176b8      0x112 ./Middlewares/ST/STM32_USB_Device_Library/Class/CustomHID/Src/usbd_customhid.o
 .debug_macro   0x000177ca       0x56 ./Middlewares/ST/STM32_USB_Device_Library/Class/CustomHID/Src/usbd_customhid.o
 .debug_macro   0x00017820       0x65 ./Middlewares/ST/STM32_USB_Device_Library/Class/CustomHID/Src/usbd_customhid.o
 .debug_macro   0x00017885      0x328 ./Middlewares/ST/STM32_USB_Device_Library/Core/Src/usbd_core.o
 .debug_macro   0x00017bad      0x1ce ./Middlewares/ST/STM32_USB_Device_Library/Core/Src/usbd_core.o
 .debug_macro   0x00017d7b      0x332 ./Middlewares/ST/STM32_USB_Device_Library/Core/Src/usbd_ctlreq.o
 .debug_macro   0x000180ad      0x32e ./Middlewares/ST/STM32_USB_Device_Library/Core/Src/usbd_ioreq.o
 .debug_macro   0x000183db      0x368 ./USB_DEVICE/App/usb_device.o
 .debug_macro   0x00018743       0x22 ./USB_DEVICE/App/usb_device.o
 .debug_macro   0x00018765      0x347 ./USB_DEVICE/App/usbd_custom_hid_if.o
 .debug_macro   0x00018aac      0x365 ./USB_DEVICE/App/usbd_desc.o
 .debug_macro   0x00018e11       0x1c ./USB_DEVICE/App/usbd_desc.o
 .debug_macro   0x00018e2d      0x34b ./USB_DEVICE/Target/usbd_conf.o

.debug_line     0x00000000     0xe387
 .debug_line    0x00000000      0xbf6 ./Core/Src/main.o
 .debug_line    0x00000bf6      0x6f1 ./Core/Src/stm32f1xx_hal_msp.o
 .debug_line    0x000012e7      0x7c8 ./Core/Src/stm32f1xx_it.o
 .debug_line    0x00001aaf      0x76d ./Core/Src/system_stm32f1xx.o
 .debug_line    0x0000221c       0x78 ./Core/Startup/startup_stm32f103c8tx.o
 .debug_line    0x00002294      0x99e ./Drivers/STM32F1xx_HAL_Driver/Src/stm32f1xx_hal.o
 .debug_line    0x00002c32      0xb68 ./Drivers/STM32F1xx_HAL_Driver/Src/stm32f1xx_hal_cortex.o
 .debug_line    0x0000379a      0x9fb ./Drivers/STM32F1xx_HAL_Driver/Src/stm32f1xx_hal_gpio.o
 .debug_line    0x00004195     0x1323 ./Drivers/STM32F1xx_HAL_Driver/Src/stm32f1xx_hal_pcd.o
 .debug_line    0x000054b8      0x768 ./Drivers/STM32F1xx_HAL_Driver/Src/stm32f1xx_hal_pcd_ex.o
 .debug_line    0x00005c20      0xe57 ./Drivers/STM32F1xx_HAL_Driver/Src/stm32f1xx_hal_rcc.o
 .debug_line    0x00006a77      0x908 ./Drivers/STM32F1xx_HAL_Driver/Src/stm32f1xx_hal_rcc_ex.o
 .debug_line    0x0000737f     0x110e ./Drivers/STM32F1xx_HAL_Driver/Src/stm32f1xx_ll_usb.o
 .debug_line    0x0000848d      0xc4a ./Middlewares/ST/STM32_USB_Device_Library/Class/CustomHID/Src/usbd_customhid.o
 .debug_line    0x000090d7      0xd49 ./Middlewares/ST/STM32_USB_Device_Library/Core/Src/usbd_core.o
 .debug_line    0x00009e20      0xf93 ./Middlewares/ST/STM32_USB_Device_Library/Core/Src/usbd_ctlreq.o
 .debug_line    0x0000adb3      0x9ff ./Middlewares/ST/STM32_USB_Device_Library/Core/Src/usbd_ioreq.o
 .debug_line    0x0000b7b2      0x9e2 ./USB_DEVICE/App/usb_device.o
 .debug_line    0x0000c194      0x9ca ./USB_DEVICE/App/usbd_custom_hid_if.o
 .debug_line    0x0000cb5e      0xa78 ./USB_DEVICE/App/usbd_desc.o
 .debug_line    0x0000d5d6      0xdb1 ./USB_DEVICE/Target/usbd_conf.o

.debug_str      0x00000000    0x84f75
 .debug_str     0x00000000    0x84f75 ./Core/Src/main.o
                              0x8297a (size before relaxing)
 .debug_str     0x00084f75    0x7dab0 ./Core/Src/stm32f1xx_hal_msp.o
 .debug_str     0x00084f75    0x7db97 ./Core/Src/stm32f1xx_it.o
 .debug_str     0x00084f75    0x7d7d4 ./Core/Src/system_stm32f1xx.o
 .debug_str     0x00084f75       0x5e ./Core/Startup/startup_stm32f103c8tx.o
 .debug_str     0x00084f75    0x7df07 ./Drivers/STM32F1xx_HAL_Driver/Src/stm32f1xx_hal.o
 .debug_str     0x00084f75    0x7de53 ./Drivers/STM32F1xx_HAL_Driver/Src/stm32f1xx_hal_cortex.o
 .debug_str     0x00084f75    0x7db5a ./Drivers/STM32F1xx_HAL_Driver/Src/stm32f1xx_hal_gpio.o
 .debug_str     0x00084f75    0x7e0f1 ./Drivers/STM32F1xx_HAL_Driver/Src/stm32f1xx_hal_pcd.o
 .debug_str     0x00084f75    0x7dc53 ./Drivers/STM32F1xx_HAL_Driver/Src/stm32f1xx_hal_pcd_ex.o
 .debug_str     0x00084f75    0x7dc03 ./Drivers/STM32F1xx_HAL_Driver/Src/stm32f1xx_hal_rcc.o
 .debug_str     0x00084f75    0x7d953 ./Drivers/STM32F1xx_HAL_Driver/Src/stm32f1xx_hal_rcc_ex.o
 .debug_str     0x00084f75    0x7dca5 ./Drivers/STM32F1xx_HAL_Driver/Src/stm32f1xx_ll_usb.o
 .debug_str     0x00084f75    0x823e8 ./Middlewares/ST/STM32_USB_Device_Library/Class/CustomHID/Src/usbd_customhid.o
 .debug_str     0x00084f75    0x820ba ./Middlewares/ST/STM32_USB_Device_Library/Core/Src/usbd_core.o
 .debug_str     0x00084f75    0x81fd4 ./Middlewares/ST/STM32_USB_Device_Library/Core/Src/usbd_ctlreq.o
 .debug_str     0x00084f75    0x81f01 ./Middlewares/ST/STM32_USB_Device_Library/Core/Src/usbd_ioreq.o
 .debug_str     0x00084f75    0x821a9 ./USB_DEVICE/App/usb_device.o
 .debug_str     0x00084f75    0x81d46 ./USB_DEVICE/App/usbd_custom_hid_if.o
 .debug_str     0x00084f75    0x81e52 ./USB_DEVICE/App/usbd_desc.o
 .debug_str     0x00084f75    0x82c3c ./USB_DEVICE/Target/usbd_conf.o

.comment        0x00000000       0x43
 .comment       0x00000000       0x43 ./Core/Src/main.o
                                 0x44 (size before relaxing)
 .comment       0x00000043       0x44 ./Core/Src/stm32f1xx_hal_msp.o
 .comment       0x00000043       0x44 ./Core/Src/stm32f1xx_it.o
 .comment       0x00000043       0x44 ./Core/Src/system_stm32f1xx.o
 .comment       0x00000043       0x44 ./Drivers/STM32F1xx_HAL_Driver/Src/stm32f1xx_hal.o
 .comment       0x00000043       0x44 ./Drivers/STM32F1xx_HAL_Driver/Src/stm32f1xx_hal_cortex.o
 .comment       0x00000043       0x44 ./Drivers/STM32F1xx_HAL_Driver/Src/stm32f1xx_hal_gpio.o
 .comment       0x00000043       0x44 ./Drivers/STM32F1xx_HAL_Driver/Src/stm32f1xx_hal_pcd.o
 .comment       0x00000043       0x44 ./Drivers/STM32F1xx_HAL_Driver/Src/stm32f1xx_hal_pcd_ex.o
 .comment       0x00000043       0x44 ./Drivers/STM32F1xx_HAL_Driver/Src/stm32f1xx_hal_rcc.o
 .comment       0x00000043       0x44 ./Drivers/STM32F1xx_HAL_Driver/Src/stm32f1xx_hal_rcc_ex.o
 .comment       0x00000043       0x44 ./Drivers/STM32F1xx_HAL_Driver/Src/stm32f1xx_ll_usb.o
 .comment       0x00000043       0x44 ./Middlewares/ST/STM32_USB_Device_Library/Class/CustomHID/Src/usbd_customhid.o
 .comment       0x00000043       0x44 ./Middlewares/ST/STM32_USB_Device_Library/Core/Src/usbd_core.o
 .comment       0x00000043       0x44 ./Middlewares/ST/STM32_USB_Device_Library/Core/Src/usbd_ctlreq.o
 .comment       0x00000043       0x44 ./Middlewares/ST/STM32_USB_Device_Library/Core/Src/usbd_ioreq.o
 .comment       0x00000043       0x44 ./USB_DEVICE/App/usb_device.o
 .comment       0x00000043       0x44 ./USB_DEVICE/App/usbd_custom_hid_if.o
 .comment       0x00000043       0x44 ./USB_DEVICE/App/usbd_desc.o
 .comment       0x00000043       0x44 ./USB_DEVICE/Target/usbd_conf.o

.debug_frame    0x00000000     0x27ec
 .debug_frame   0x00000000      0x13c ./Core/Src/main.o
 .debug_frame   0x0000013c       0x34 ./Core/Src/stm32f1xx_hal_msp.o
 .debug_frame   0x00000170      0x140 ./Core/Src/stm32f1xx_it.o
 .debug_frame   0x000002b0       0x58 ./Core/Src/system_stm32f1xx.o
 .debug_frame   0x00000308      0x334 ./Drivers/STM32F1xx_HAL_Driver/Src/stm32f1xx_hal.o
 .debug_frame   0x0000063c      0x428 ./Drivers/STM32F1xx_HAL_Driver/Src/stm32f1xx_hal_cortex.o
 .debug_frame   0x00000a64      0x14c ./Drivers/STM32F1xx_HAL_Driver/Src/stm32f1xx_hal_gpio.o
 .debug_frame   0x00000bb0      0x594 ./Drivers/STM32F1xx_HAL_Driver/Src/stm32f1xx_hal_pcd.o
 .debug_frame   0x00001144       0xb0 ./Drivers/STM32F1xx_HAL_Driver/Src/stm32f1xx_hal_pcd_ex.o
 .debug_frame   0x000011f4      0x218 ./Drivers/STM32F1xx_HAL_Driver/Src/stm32f1xx_hal_rcc.o
 .debug_frame   0x0000140c       0x80 ./Drivers/STM32F1xx_HAL_Driver/Src/stm32f1xx_hal_rcc_ex.o
 .debug_frame   0x0000148c      0x470 ./Drivers/STM32F1xx_HAL_Driver/Src/stm32f1xx_ll_usb.o
 .debug_frame   0x000018fc      0x1d8 ./Middlewares/ST/STM32_USB_Device_Library/Class/CustomHID/Src/usbd_customhid.o
 .debug_frame   0x00001ad4      0x300 ./Middlewares/ST/STM32_USB_Device_Library/Core/Src/usbd_core.o
 .debug_frame   0x00001dd4      0x218 ./Middlewares/ST/STM32_USB_Device_Library/Core/Src/usbd_ctlreq.o
 .debug_frame   0x00001fec      0x10c ./Middlewares/ST/STM32_USB_Device_Library/Core/Src/usbd_ioreq.o
 .debug_frame   0x000020f8       0x2c ./USB_DEVICE/App/usb_device.o
 .debug_frame   0x00002124       0x78 ./USB_DEVICE/App/usbd_custom_hid_if.o
 .debug_frame   0x0000219c      0x160 ./USB_DEVICE/App/usbd_desc.o
 .debug_frame   0x000022fc      0x4a4 ./USB_DEVICE/Target/usbd_conf.o
 .debug_frame   0x000027a0       0x20 D:/STM32CubeIDE_1.18.0/STM32CubeIDE/plugins/com.st.stm32cube.ide.mcu.externaltools.gnu-tools-for-stm32.13.3.rel1.win32_1.0.0.202411081344/tools/bin/../lib/gcc/arm-none-eabi/13.3.1/../../../../arm-none-eabi/lib/thumb/v7-m/nofp\libc_nano.a(libc_a-memset.o)
 .debug_frame   0x000027c0       0x2c D:/STM32CubeIDE_1.18.0/STM32CubeIDE/plugins/com.st.stm32cube.ide.mcu.externaltools.gnu-tools-for-stm32.13.3.rel1.win32_1.0.0.202411081344/tools/bin/../lib/gcc/arm-none-eabi/13.3.1/../../../../arm-none-eabi/lib/thumb/v7-m/nofp\libc_nano.a(libc_a-init.o)

.debug_line_str
                0x00000000       0x42
 .debug_line_str
                0x00000000       0x42 ./Core/Startup/startup_stm32f103c8tx.o
